Component: ARM Compiler 6.16 Tool: armlink [5dfeaa00]

==============================================================================

Section Cross References

    startup_lpc177x_8x.o(STACK) refers (Special) to heapauxi.o(.text) for __use_two_region_memory
    startup_lpc177x_8x.o(HEAP) refers (Special) to heapauxi.o(.text) for __use_two_region_memory
    startup_lpc177x_8x.o(RESET) refers (Special) to heapauxi.o(.text) for __use_two_region_memory
    startup_lpc177x_8x.o(RESET) refers to startup_lpc177x_8x.o(STACK) for __initial_sp
    startup_lpc177x_8x.o(RESET) refers to startup_lpc177x_8x.o(.text) for Reset_Handler
    startup_lpc177x_8x.o(.ARM.__at_0x02FC) refers (Special) to heapauxi.o(.text) for __use_two_region_memory
    startup_lpc177x_8x.o(.text) refers (Special) to heapauxi.o(.text) for __use_two_region_memory
    startup_lpc177x_8x.o(.text) refers to startup_lpc177x_8x.o(STACK) for _mySP1
    startup_lpc177x_8x.o(.text) refers to startup_lpc177x_8x.o(HEAP) for Heap_Mem
    system_lpc177x_8x.o(.text.SystemCoreClockUpdate) refers to system_lpc177x_8x.o(.data.SystemCoreClock) for SystemCoreClock
    system_lpc177x_8x.o(.text.SystemCoreClockUpdate) refers to system_lpc177x_8x.o(.data.PeripheralClock) for PeripheralClock
    system_lpc177x_8x.o(.text.SystemCoreClockUpdate) refers to system_lpc177x_8x.o(.data.EMCClock) for EMCClock
    system_lpc177x_8x.o(.text.SystemCoreClockUpdate) refers to system_lpc177x_8x.o(.data.USBClock) for USBClock
    system_lpc177x_8x.o(.ARM.exidx.text.SystemCoreClockUpdate) refers to system_lpc177x_8x.o(.text.SystemCoreClockUpdate) for [Anonymous Symbol]
    system_lpc177x_8x.o(.text.SystemInit) refers to system_lpc177x_8x.o(.text.SystemCoreClockUpdate) for SystemCoreClockUpdate
    system_lpc177x_8x.o(.text.SystemInit) refers to system_lpc177x_8x.o(.text.SystemInit_ExtMemCtl) for SystemInit_ExtMemCtl
    system_lpc177x_8x.o(.ARM.exidx.text.SystemInit) refers to system_lpc177x_8x.o(.text.SystemInit) for [Anonymous Symbol]
    system_lpc177x_8x.o(.ARM.exidx.text.SystemInit_ExtMemCtl) refers to system_lpc177x_8x.o(.text.SystemInit_ExtMemCtl) for [Anonymous Symbol]


==============================================================================

Removing Unused input sections from the image.

    Removing system_lpc177x_8x.o(.text), (0 bytes).
    Removing system_lpc177x_8x.o(.text.SystemCoreClockUpdate), (374 bytes).
    Removing system_lpc177x_8x.o(.ARM.exidx.text.SystemCoreClockUpdate), (8 bytes).
    Removing system_lpc177x_8x.o(.text.SystemInit), (160 bytes).
    Removing system_lpc177x_8x.o(.ARM.exidx.text.SystemInit), (8 bytes).
    Removing system_lpc177x_8x.o(.text.SystemInit_ExtMemCtl), (260 bytes).
    Removing system_lpc177x_8x.o(.ARM.exidx.text.SystemInit_ExtMemCtl), (8 bytes).
    Removing system_lpc177x_8x.o(.data.SystemCoreClock), (4 bytes).
    Removing system_lpc177x_8x.o(.data.PeripheralClock), (4 bytes).
    Removing system_lpc177x_8x.o(.data.EMCClock), (4 bytes).
    Removing system_lpc177x_8x.o(.data.USBClock), (4 bytes).

11 unused section(s) (total 834 bytes) removed from the image.

==============================================================================

Image Symbol Table

    Local Symbols

    Symbol Name                              Value     Ov Type        Size  Object(Section)

    ../clib/heapaux.c                        0x00000000   Number         0  heapauxi.o ABSOLUTE
    RTE/Device/LPC1786/startup_LPC177x_8x.s  0x00000000   Number         0  startup_lpc177x_8x.o ABSOLUTE
    dc.s                                     0x00000000   Number         0  dc.o ABSOLUTE
    system_LPC177x_8x.c                      0x00000000   Number         0  system_lpc177x_8x.o ABSOLUTE
    RESET                                    0x00000000   Section      228  startup_lpc177x_8x.o(RESET)
    .text                                    0x000000e4   Section        0  heapauxi.o(.text)
    .ARM.__at_0x02FC                         0x000002fc   Section        4  startup_lpc177x_8x.o(.ARM.__at_0x02FC)
    .text                                    0x00000300   Section      548  startup_lpc177x_8x.o(.text)
    towers2                                  0x00000350   Data          60  startup_lpc177x_8x.o(.text)
    myVar1                                   0x000003e4   Data           1  startup_lpc177x_8x.o(.text)
    myVar2                                   0x000003e5   Data           1  startup_lpc177x_8x.o(.text)
    myVar3                                   0x000003e6   Data           1  startup_lpc177x_8x.o(.text)
    myVar5                                   0x000003e8   Data           1  startup_lpc177x_8x.o(.text)
    fillStack                                0x000003eb   Thumb Code    46  startup_lpc177x_8x.o(.text)
    move1                                    0x00000419   Thumb Code    54  startup_lpc177x_8x.o(.text)
    moveN                                    0x0000044f   Thumb Code   124  startup_lpc177x_8x.o(.text)
    Heap_Mem                                 0x10000000   Data        1024  startup_lpc177x_8x.o(HEAP)
    HEAP                                     0x10000000   Section     1024  startup_lpc177x_8x.o(HEAP)
    Stack_Mem                                0x10000400   Data       24576  startup_lpc177x_8x.o(STACK)
    STACK                                    0x10000400   Section    25344  startup_lpc177x_8x.o(STACK)
    __initial_sp                             0x10006400   Data           0  startup_lpc177x_8x.o(STACK)
    _mySP1                                   0x10006500   Data           0  startup_lpc177x_8x.o(STACK)
    _mySP2                                   0x10006600   Data           0  startup_lpc177x_8x.o(STACK)
    _mySP3                                   0x10006700   Data           0  startup_lpc177x_8x.o(STACK)

    Global Symbols

    Symbol Name                              Value     Ov Type        Size  Object(Section)

    BuildAttributes$$THM_ISAv4$P$D$K$B$S$PE$A:L22UL41UL21$X:L11$S22US41US21$IEEE1$IW$~IW$USESV6$~STKCKD$USESV7$~SHL$OTIME$ROPI$EBA8$STANDARDLIB$REQ8$PRES8$EABIv2 0x00000000   Number         0  anon$$obj.o ABSOLUTE
    __Vectors                                0x00000000   Data           4  startup_lpc177x_8x.o(RESET)
    __use_two_region_memory                  0x000000e5   Thumb Code     2  heapauxi.o(.text)
    __rt_heap_escrow$2region                 0x000000e7   Thumb Code     2  heapauxi.o(.text)
    __rt_heap_expand$2region                 0x000000e9   Thumb Code     2  heapauxi.o(.text)
    Reset_Handler                            0x0000038d   Thumb Code    93  startup_lpc177x_8x.o(.text)
    NMI_Handler                              0x000004cb   Thumb Code     2  startup_lpc177x_8x.o(.text)
    HardFault_Handler                        0x000004cd   Thumb Code     2  startup_lpc177x_8x.o(.text)
    MemManage_Handler                        0x000004cf   Thumb Code     2  startup_lpc177x_8x.o(.text)
    BusFault_Handler                         0x000004d1   Thumb Code     2  startup_lpc177x_8x.o(.text)
    UsageFault_Handler                       0x000004d3   Thumb Code     2  startup_lpc177x_8x.o(.text)
    SVC_Handler                              0x000004d5   Thumb Code     2  startup_lpc177x_8x.o(.text)
    DebugMon_Handler                         0x000004d7   Thumb Code     2  startup_lpc177x_8x.o(.text)
    PendSV_Handler                           0x000004d9   Thumb Code     2  startup_lpc177x_8x.o(.text)
    SysTick_Handler                          0x000004db   Thumb Code     2  startup_lpc177x_8x.o(.text)
    ADC_IRQHandler                           0x000004dd   Thumb Code     0  startup_lpc177x_8x.o(.text)
    BOD_IRQHandler                           0x000004dd   Thumb Code     0  startup_lpc177x_8x.o(.text)
    CANActivity_IRQHandler                   0x000004dd   Thumb Code     0  startup_lpc177x_8x.o(.text)
    CAN_IRQHandler                           0x000004dd   Thumb Code     0  startup_lpc177x_8x.o(.text)
    DMA_IRQHandler                           0x000004dd   Thumb Code     0  startup_lpc177x_8x.o(.text)
    EEPROM_IRQHandler                        0x000004dd   Thumb Code     0  startup_lpc177x_8x.o(.text)
    EINT0_IRQHandler                         0x000004dd   Thumb Code     0  startup_lpc177x_8x.o(.text)
    EINT1_IRQHandler                         0x000004dd   Thumb Code     0  startup_lpc177x_8x.o(.text)
    EINT2_IRQHandler                         0x000004dd   Thumb Code     0  startup_lpc177x_8x.o(.text)
    EINT3_IRQHandler                         0x000004dd   Thumb Code     0  startup_lpc177x_8x.o(.text)
    ENET_IRQHandler                          0x000004dd   Thumb Code     0  startup_lpc177x_8x.o(.text)
    GPIO_IRQHandler                          0x000004dd   Thumb Code     0  startup_lpc177x_8x.o(.text)
    I2C0_IRQHandler                          0x000004dd   Thumb Code     0  startup_lpc177x_8x.o(.text)
    I2C1_IRQHandler                          0x000004dd   Thumb Code     0  startup_lpc177x_8x.o(.text)
    I2C2_IRQHandler                          0x000004dd   Thumb Code     0  startup_lpc177x_8x.o(.text)
    I2S_IRQHandler                           0x000004dd   Thumb Code     0  startup_lpc177x_8x.o(.text)
    LCD_IRQHandler                           0x000004dd   Thumb Code     0  startup_lpc177x_8x.o(.text)
    MCI_IRQHandler                           0x000004dd   Thumb Code     0  startup_lpc177x_8x.o(.text)
    MCPWM_IRQHandler                         0x000004dd   Thumb Code     0  startup_lpc177x_8x.o(.text)
    PLL0_IRQHandler                          0x000004dd   Thumb Code     0  startup_lpc177x_8x.o(.text)
    PLL1_IRQHandler                          0x000004dd   Thumb Code     0  startup_lpc177x_8x.o(.text)
    PWM0_IRQHandler                          0x000004dd   Thumb Code     0  startup_lpc177x_8x.o(.text)
    PWM1_IRQHandler                          0x000004dd   Thumb Code     0  startup_lpc177x_8x.o(.text)
    QEI_IRQHandler                           0x000004dd   Thumb Code     0  startup_lpc177x_8x.o(.text)
    RTC_IRQHandler                           0x000004dd   Thumb Code     0  startup_lpc177x_8x.o(.text)
    SPIFI_IRQHandler                         0x000004dd   Thumb Code     0  startup_lpc177x_8x.o(.text)
    SSP0_IRQHandler                          0x000004dd   Thumb Code     0  startup_lpc177x_8x.o(.text)
    SSP1_IRQHandler                          0x000004dd   Thumb Code     0  startup_lpc177x_8x.o(.text)
    SSP2_IRQHandler                          0x000004dd   Thumb Code     0  startup_lpc177x_8x.o(.text)
    TIMER0_IRQHandler                        0x000004dd   Thumb Code     0  startup_lpc177x_8x.o(.text)
    TIMER1_IRQHandler                        0x000004dd   Thumb Code     0  startup_lpc177x_8x.o(.text)
    TIMER2_IRQHandler                        0x000004dd   Thumb Code     0  startup_lpc177x_8x.o(.text)
    TIMER3_IRQHandler                        0x000004dd   Thumb Code     0  startup_lpc177x_8x.o(.text)
    UART0_IRQHandler                         0x000004dd   Thumb Code     0  startup_lpc177x_8x.o(.text)
    UART1_IRQHandler                         0x000004dd   Thumb Code     0  startup_lpc177x_8x.o(.text)
    UART2_IRQHandler                         0x000004dd   Thumb Code     0  startup_lpc177x_8x.o(.text)
    UART3_IRQHandler                         0x000004dd   Thumb Code     0  startup_lpc177x_8x.o(.text)
    UART4_IRQHandler                         0x000004dd   Thumb Code     0  startup_lpc177x_8x.o(.text)
    USBActivity_IRQHandler                   0x000004dd   Thumb Code     0  startup_lpc177x_8x.o(.text)
    USB_IRQHandler                           0x000004dd   Thumb Code     0  startup_lpc177x_8x.o(.text)
    WDT_IRQHandler                           0x000004dd   Thumb Code     0  startup_lpc177x_8x.o(.text)
    __user_initial_stackheap                 0x000004e1   Thumb Code     0  startup_lpc177x_8x.o(.text)



==============================================================================

Memory Map of the image

  Image Entry point : 0x0000038d

  Load Region LR_1 (Base: 0x00000000, Size: 0x00000524, Max: 0xffffffff, ABSOLUTE)

    Execution Region ER_RO (Exec base: 0x00000000, Load base: 0x00000000, Size: 0x00000524, Max: 0xffffffff, ABSOLUTE)

    Exec Addr    Load Addr    Size         Type   Attr      Idx    E Section Name        Object

    0x00000000   0x00000000   0x000000e4   Data   RO            3    RESET               startup_lpc177x_8x.o
    0x000000e4   0x000000e4   0x00000006   Code   RO           32    .text               c_w.l(heapauxi.o)
    0x000000ea   0x000000ea   0x00000212   PAD
    0x000002fc   0x000002fc   0x00000004   Code   RO            4    .ARM.__at_0x02FC    startup_lpc177x_8x.o
    0x00000300   0x00000300   0x00000224   Code   RO            5  * .text               startup_lpc177x_8x.o


    Execution Region ER_RW (Exec base: 0x10000000, Load base: 0x00000524, Size: 0x00000000, Max: 0xffffffff, ABSOLUTE)

    **** No section assigned to this execution region ****


    Execution Region ER_ZI (Exec base: 0x10000000, Load base: 0x00000524, Size: 0x00006700, Max: 0xffffffff, ABSOLUTE)

    Exec Addr    Load Addr    Size         Type   Attr      Idx    E Section Name        Object

    0x10000000        -       0x00000400   Zero   RW            2    HEAP                startup_lpc177x_8x.o
    0x10000400        -       0x00006300   Zero   RW            1    STACK               startup_lpc177x_8x.o


==============================================================================

Image component sizes


      Code (inc. data)   RO Data    RW Data    ZI Data      Debug   Object Name

       552        210        228          0      26368       1348   startup_lpc177x_8x.o

    ----------------------------------------------------------------------
       552        210        228          0      26368       1348   Object Totals
         0          0          0          0          0          0   (incl. Generated)
         0          0          0          0          0          0   (incl. Padding)

    ----------------------------------------------------------------------

      Code (inc. data)   RO Data    RW Data    ZI Data      Debug   Library Member Name

         6          0          0          0          0        152   heapauxi.o

    ----------------------------------------------------------------------
       536          0          0          0          0        152   Library Totals
       530          0          0          0          0          0   (incl. Padding)

    ----------------------------------------------------------------------

      Code (inc. data)   RO Data    RW Data    ZI Data      Debug   Library Name

         6          0          0          0          0        152   c_w.l

    ----------------------------------------------------------------------
       536          0          0          0          0        152   Library Totals

    ----------------------------------------------------------------------

==============================================================================


      Code (inc. data)   RO Data    RW Data    ZI Data      Debug   

      1088        210        228          0      26368       1500   Grand Totals
      1088        210        228          0      26368       1500   ELF Image Totals
      1088        210        228          0          0          0   ROM Totals

==============================================================================

    Total RO  Size (Code + RO Data)                 1316 (   1.29kB)
    Total RW  Size (RW Data + ZI Data)             26368 (  25.75kB)
    Total ROM Size (Code + RO Data + RW Data)       1316 (   1.29kB)

==============================================================================

