<html>
<body>
<pre>
<h1>µVision Build Log</h1>
<h2>Tool Versions:</h2>
IDE-Version: µVision V5.36.0.0
Copyright (C) 2021 ARM Ltd and ARM Germany GmbH. All rights reserved.
License Information: Lorenzo Radaele, TuranicCorp, LIC=----
 
Tool Versions:
Toolchain:       MDK-Lite  Version: 5.36.0.0
Toolchain Path:  C:\Keil_v5\ARM\ARMCLANG\Bin
C Compiler:      ArmClang.exe V6.16
Assembler:       Armasm.exe V6.16
Linker/Locator:  ArmLink.exe V6.16
Library Manager: ArmAr.exe V6.16
Hex Converter:   FromElf.exe V6.16
CPU DLL:         SARMCM3.DLL V5.36.0.0
Dialog DLL:      DCM.DLL V1.17.3.0
Target DLL:      UL2CM3.DLL V1.164.0.0
Dialog DLL:      TCM.DLL V1.53.0.0
 
<h2>Project:</h2>
C:\Users\Utente\Documents\Mr. Lorenx\POLI\Computer architectures\Laboratories\Lab07\Lab07.uvprojx
Project File Date:  11/30/2021

<h2>Output:</h2>
*** Using Compiler 'V6.16', folder: 'C:\Keil_v5\ARM\ARMCLANG\Bin'
Build target 'Target 1'
"RTE/Device/LPC1786/startup_LPC177x_8x.s", line 220: Warning: A1581W: Added 1 bytes of padding at address 0xe9
  220 000000ea     PUSH {r4, LR}
0 Errors, 1 Warning
assembling startup_LPC177x_8x.s...
linking...
Program Size: Code=1088 RO-data=228 RW-data=0 ZI-data=26368  
".\Objects\Lab07.axf" - 0 Error(s), 0 Warning(s).

<h2>Software Packages used:</h2>

Package Vendor: ARM
                http://www.keil.com/pack/ARM.CMSIS.5.8.0.pack
                ARM.CMSIS.5.8.0
                CMSIS (Common Microcontroller Software Interface Standard)
   * Component: CORE Version: 5.5.0

Package Vendor: Keil
                http://www.keil.com/pack/Keil.LPC1700_DFP.2.7.0.pack
                Keil.LPC1700_DFP.2.7.0
                NXP LPC1700 Series Device Support, Drivers and Examples for MCB1700 and LPC1788-32
   * Component: Startup Version: 1.0.0

<h2>Collection of Component include folders:</h2>
  .\RTE\Device\LPC1786
  .\RTE\_Target_1
  C:\Users\Utente\AppData\Local\Arm\Packs\ARM\CMSIS\5.8.0\CMSIS\Core\Include
  C:\Users\Utente\AppData\Local\Arm\Packs\Keil\LPC1700_DFP\2.7.0\Device\Include

<h2>Collection of Component Files used:</h2>

   * Component: ARM::CMSIS:CORE:5.5.0

   * Component: Keil::Device:Startup:1.0.0
      Source file:   Device\Source\ARM\startup_LPC177x_8x.s
      Source file:   Device\Source\system_LPC177x_8x.c
      Include file:  Device\Include\LPC177x_8x.h
      Include file:  RTE_Driver\Config_LPC177x_8x\RTE_Device.h
Build Time Elapsed:  00:00:01
</pre>
</body>
</html>
