Component: ARM Compiler 6.16 Tool: armlink [5dfeaa00]

==============================================================================

Section Cross References

    startup_lpc177x_8x.o(STACK) refers (Special) to heapauxi.o(.text) for __use_two_region_memory
    startup_lpc177x_8x.o(HEAP) refers (Special) to heapauxi.o(.text) for __use_two_region_memory
    startup_lpc177x_8x.o(RESET) refers (Special) to heapauxi.o(.text) for __use_two_region_memory
    startup_lpc177x_8x.o(RESET) refers to startup_lpc177x_8x.o(STACK) for __initial_sp
    startup_lpc177x_8x.o(RESET) refers to startup_lpc177x_8x.o(.text) for Reset_Handler
    startup_lpc177x_8x.o(.ARM.__at_0x02FC) refers (Special) to heapauxi.o(.text) for __use_two_region_memory
    startup_lpc177x_8x.o(myVars) refers (Special) to heapauxi.o(.text) for __use_two_region_memory
    startup_lpc177x_8x.o(.text) refers (Special) to heapauxi.o(.text) for __use_two_region_memory
    startup_lpc177x_8x.o(.text) refers to startup_lpc177x_8x.o(myVars) for integerPart
    startup_lpc177x_8x.o(.text) refers to startup_lpc177x_8x.o(HEAP) for Heap_Mem
    startup_lpc177x_8x.o(.text) refers to startup_lpc177x_8x.o(STACK) for Stack_Mem
    system_lpc177x_8x.o(.text.SystemCoreClockUpdate) refers to system_lpc177x_8x.o(.data.SystemCoreClock) for SystemCoreClock
    system_lpc177x_8x.o(.text.SystemCoreClockUpdate) refers to system_lpc177x_8x.o(.data.PeripheralClock) for PeripheralClock
    system_lpc177x_8x.o(.text.SystemCoreClockUpdate) refers to system_lpc177x_8x.o(.data.EMCClock) for EMCClock
    system_lpc177x_8x.o(.text.SystemCoreClockUpdate) refers to system_lpc177x_8x.o(.data.USBClock) for USBClock
    system_lpc177x_8x.o(.ARM.exidx.text.SystemCoreClockUpdate) refers to system_lpc177x_8x.o(.text.SystemCoreClockUpdate) for [Anonymous Symbol]
    system_lpc177x_8x.o(.text.SystemInit) refers to system_lpc177x_8x.o(.text.SystemCoreClockUpdate) for SystemCoreClockUpdate
    system_lpc177x_8x.o(.text.SystemInit) refers to system_lpc177x_8x.o(.text.SystemInit_ExtMemCtl) for SystemInit_ExtMemCtl
    system_lpc177x_8x.o(.ARM.exidx.text.SystemInit) refers to system_lpc177x_8x.o(.text.SystemInit) for [Anonymous Symbol]
    system_lpc177x_8x.o(.ARM.exidx.text.SystemInit_ExtMemCtl) refers to system_lpc177x_8x.o(.text.SystemInit_ExtMemCtl) for [Anonymous Symbol]


==============================================================================

Removing Unused input sections from the image.

    Removing system_lpc177x_8x.o(.text), (0 bytes).
    Removing system_lpc177x_8x.o(.text.SystemCoreClockUpdate), (374 bytes).
    Removing system_lpc177x_8x.o(.ARM.exidx.text.SystemCoreClockUpdate), (8 bytes).
    Removing system_lpc177x_8x.o(.text.SystemInit), (160 bytes).
    Removing system_lpc177x_8x.o(.ARM.exidx.text.SystemInit), (8 bytes).
    Removing system_lpc177x_8x.o(.text.SystemInit_ExtMemCtl), (260 bytes).
    Removing system_lpc177x_8x.o(.ARM.exidx.text.SystemInit_ExtMemCtl), (8 bytes).
    Removing system_lpc177x_8x.o(.data.SystemCoreClock), (4 bytes).
    Removing system_lpc177x_8x.o(.data.PeripheralClock), (4 bytes).
    Removing system_lpc177x_8x.o(.data.EMCClock), (4 bytes).
    Removing system_lpc177x_8x.o(.data.USBClock), (4 bytes).

11 unused section(s) (total 834 bytes) removed from the image.

==============================================================================

Image Symbol Table

    Local Symbols

    Symbol Name                              Value     Ov Type        Size  Object(Section)

    ../clib/heapaux.c                        0x00000000   Number         0  heapauxi.o ABSOLUTE
    RTE/Device/LPC1786/startup_LPC177x_8x.s  0x00000000   Number         0  startup_lpc177x_8x.o ABSOLUTE
    dc.s                                     0x00000000   Number         0  dc.o ABSOLUTE
    system_LPC177x_8x.c                      0x00000000   Number         0  system_lpc177x_8x.o ABSOLUTE
    RESET                                    0x00000000   Section      228  startup_lpc177x_8x.o(RESET)
    .text                                    0x000000e4   Section      300  startup_lpc177x_8x.o(.text)
    .text                                    0x00000210   Section        0  heapauxi.o(.text)
    integerPart                              0x00000218   Data           4  startup_lpc177x_8x.o(myVars)
    myVars                                   0x00000218   Section        8  startup_lpc177x_8x.o(myVars)
    mantissa                                 0x0000021c   Data           4  startup_lpc177x_8x.o(myVars)
    .ARM.__at_0x02FC                         0x000002fc   Section        4  startup_lpc177x_8x.o(.ARM.__at_0x02FC)
    Heap_Mem                                 0x10000000   Data        1024  startup_lpc177x_8x.o(HEAP)
    HEAP                                     0x10000000   Section     1024  startup_lpc177x_8x.o(HEAP)
    Stack_Mem                                0x10000400   Data         512  startup_lpc177x_8x.o(STACK)
    STACK                                    0x10000400   Section      512  startup_lpc177x_8x.o(STACK)
    __initial_sp                             0x10000600   Data           0  startup_lpc177x_8x.o(STACK)

    Global Symbols

    Symbol Name                              Value     Ov Type        Size  Object(Section)

    BuildAttributes$$THM_ISAv4$P$D$K$B$S$PE$A:L22UL41UL21$X:L11$S22US41US21$IEEE1$IW$~IW$USESV6$~STKCKD$USESV7$~SHL$OTIME$ROPI$EBA8$STANDARDLIB$REQ8$PRES8$EABIv2 0x00000000   Number         0  anon$$obj.o ABSOLUTE
    __Vectors                                0x00000000   Data           4  startup_lpc177x_8x.o(RESET)
    Reset_Handler                            0x000000e5   Thumb Code    32  startup_lpc177x_8x.o(.text)
    NMI_Handler                              0x00000105   Thumb Code     2  startup_lpc177x_8x.o(.text)
    HardFault_Handler                        0x00000107   Thumb Code     2  startup_lpc177x_8x.o(.text)
    MemManage_Handler                        0x00000109   Thumb Code     2  startup_lpc177x_8x.o(.text)
    BusFault_Handler                         0x0000010b   Thumb Code     2  startup_lpc177x_8x.o(.text)
    UsageFault_Handler                       0x0000010d   Thumb Code   214  startup_lpc177x_8x.o(.text)
    SVC_Handler                              0x000001e3   Thumb Code     2  startup_lpc177x_8x.o(.text)
    DebugMon_Handler                         0x000001e5   Thumb Code     2  startup_lpc177x_8x.o(.text)
    PendSV_Handler                           0x000001e7   Thumb Code     2  startup_lpc177x_8x.o(.text)
    SysTick_Handler                          0x000001e9   Thumb Code     2  startup_lpc177x_8x.o(.text)
    ADC_IRQHandler                           0x000001eb   Thumb Code     0  startup_lpc177x_8x.o(.text)
    BOD_IRQHandler                           0x000001eb   Thumb Code     0  startup_lpc177x_8x.o(.text)
    CANActivity_IRQHandler                   0x000001eb   Thumb Code     0  startup_lpc177x_8x.o(.text)
    CAN_IRQHandler                           0x000001eb   Thumb Code     0  startup_lpc177x_8x.o(.text)
    DMA_IRQHandler                           0x000001eb   Thumb Code     0  startup_lpc177x_8x.o(.text)
    EEPROM_IRQHandler                        0x000001eb   Thumb Code     0  startup_lpc177x_8x.o(.text)
    EINT0_IRQHandler                         0x000001eb   Thumb Code     0  startup_lpc177x_8x.o(.text)
    EINT1_IRQHandler                         0x000001eb   Thumb Code     0  startup_lpc177x_8x.o(.text)
    EINT2_IRQHandler                         0x000001eb   Thumb Code     0  startup_lpc177x_8x.o(.text)
    EINT3_IRQHandler                         0x000001eb   Thumb Code     0  startup_lpc177x_8x.o(.text)
    ENET_IRQHandler                          0x000001eb   Thumb Code     0  startup_lpc177x_8x.o(.text)
    GPIO_IRQHandler                          0x000001eb   Thumb Code     0  startup_lpc177x_8x.o(.text)
    I2C0_IRQHandler                          0x000001eb   Thumb Code     0  startup_lpc177x_8x.o(.text)
    I2C1_IRQHandler                          0x000001eb   Thumb Code     0  startup_lpc177x_8x.o(.text)
    I2C2_IRQHandler                          0x000001eb   Thumb Code     0  startup_lpc177x_8x.o(.text)
    I2S_IRQHandler                           0x000001eb   Thumb Code     0  startup_lpc177x_8x.o(.text)
    LCD_IRQHandler                           0x000001eb   Thumb Code     0  startup_lpc177x_8x.o(.text)
    MCI_IRQHandler                           0x000001eb   Thumb Code     0  startup_lpc177x_8x.o(.text)
    MCPWM_IRQHandler                         0x000001eb   Thumb Code     0  startup_lpc177x_8x.o(.text)
    PLL0_IRQHandler                          0x000001eb   Thumb Code     0  startup_lpc177x_8x.o(.text)
    PLL1_IRQHandler                          0x000001eb   Thumb Code     0  startup_lpc177x_8x.o(.text)
    PWM0_IRQHandler                          0x000001eb   Thumb Code     0  startup_lpc177x_8x.o(.text)
    PWM1_IRQHandler                          0x000001eb   Thumb Code     0  startup_lpc177x_8x.o(.text)
    QEI_IRQHandler                           0x000001eb   Thumb Code     0  startup_lpc177x_8x.o(.text)
    RTC_IRQHandler                           0x000001eb   Thumb Code     0  startup_lpc177x_8x.o(.text)
    SPIFI_IRQHandler                         0x000001eb   Thumb Code     0  startup_lpc177x_8x.o(.text)
    SSP0_IRQHandler                          0x000001eb   Thumb Code     0  startup_lpc177x_8x.o(.text)
    SSP1_IRQHandler                          0x000001eb   Thumb Code     0  startup_lpc177x_8x.o(.text)
    SSP2_IRQHandler                          0x000001eb   Thumb Code     0  startup_lpc177x_8x.o(.text)
    TIMER0_IRQHandler                        0x000001eb   Thumb Code     0  startup_lpc177x_8x.o(.text)
    TIMER1_IRQHandler                        0x000001eb   Thumb Code     0  startup_lpc177x_8x.o(.text)
    TIMER2_IRQHandler                        0x000001eb   Thumb Code     0  startup_lpc177x_8x.o(.text)
    TIMER3_IRQHandler                        0x000001eb   Thumb Code     0  startup_lpc177x_8x.o(.text)
    UART0_IRQHandler                         0x000001eb   Thumb Code     0  startup_lpc177x_8x.o(.text)
    UART1_IRQHandler                         0x000001eb   Thumb Code     0  startup_lpc177x_8x.o(.text)
    UART2_IRQHandler                         0x000001eb   Thumb Code     0  startup_lpc177x_8x.o(.text)
    UART3_IRQHandler                         0x000001eb   Thumb Code     0  startup_lpc177x_8x.o(.text)
    UART4_IRQHandler                         0x000001eb   Thumb Code     0  startup_lpc177x_8x.o(.text)
    USBActivity_IRQHandler                   0x000001eb   Thumb Code     0  startup_lpc177x_8x.o(.text)
    USB_IRQHandler                           0x000001eb   Thumb Code     0  startup_lpc177x_8x.o(.text)
    WDT_IRQHandler                           0x000001eb   Thumb Code     0  startup_lpc177x_8x.o(.text)
    __user_initial_stackheap                 0x000001ed   Thumb Code     0  startup_lpc177x_8x.o(.text)
    __use_two_region_memory                  0x00000211   Thumb Code     2  heapauxi.o(.text)
    __rt_heap_escrow$2region                 0x00000213   Thumb Code     2  heapauxi.o(.text)
    __rt_heap_expand$2region                 0x00000215   Thumb Code     2  heapauxi.o(.text)



==============================================================================

Memory Map of the image

  Image Entry point : 0x000000e5

  Load Region LR_1 (Base: 0x00000000, Size: 0x00000300, Max: 0xffffffff, ABSOLUTE)

    Execution Region ER_RO (Exec base: 0x00000000, Load base: 0x00000000, Size: 0x00000300, Max: 0xffffffff, ABSOLUTE)

    Exec Addr    Load Addr    Size         Type   Attr      Idx    E Section Name        Object

    0x00000000   0x00000000   0x000000e4   Data   RO            3    RESET               startup_lpc177x_8x.o
    0x000000e4   0x000000e4   0x0000012c   Code   RO            6  * .text               startup_lpc177x_8x.o
    0x00000210   0x00000210   0x00000006   Code   RO           33    .text               c_w.l(heapauxi.o)
    0x00000216   0x00000216   0x00000002   PAD
    0x00000218   0x00000218   0x00000008   Data   RO            5    myVars              startup_lpc177x_8x.o
    0x00000220   0x00000220   0x000000dc   PAD
    0x000002fc   0x000002fc   0x00000004   Code   RO            4    .ARM.__at_0x02FC    startup_lpc177x_8x.o


    Execution Region ER_RW (Exec base: 0x10000000, Load base: 0x00000300, Size: 0x00000000, Max: 0xffffffff, ABSOLUTE)

    **** No section assigned to this execution region ****


    Execution Region ER_ZI (Exec base: 0x10000000, Load base: 0x00000300, Size: 0x00000600, Max: 0xffffffff, ABSOLUTE)

    Exec Addr    Load Addr    Size         Type   Attr      Idx    E Section Name        Object

    0x10000000        -       0x00000400   Zero   RW            2    HEAP                startup_lpc177x_8x.o
    0x10000400        -       0x00000200   Zero   RW            1    STACK               startup_lpc177x_8x.o


==============================================================================

Image component sizes


      Code (inc. data)   RO Data    RW Data    ZI Data      Debug   Object Name

       304         30        236          0       1536       1160   startup_lpc177x_8x.o

    ----------------------------------------------------------------------
       304         30        456          0       1536       1160   Object Totals
         0          0          0          0          0          0   (incl. Generated)
         0          0        220          0          0          0   (incl. Padding)

    ----------------------------------------------------------------------

      Code (inc. data)   RO Data    RW Data    ZI Data      Debug   Library Member Name

         6          0          0          0          0        152   heapauxi.o

    ----------------------------------------------------------------------
         8          0          0          0          0        152   Library Totals
         2          0          0          0          0          0   (incl. Padding)

    ----------------------------------------------------------------------

      Code (inc. data)   RO Data    RW Data    ZI Data      Debug   Library Name

         6          0          0          0          0        152   c_w.l

    ----------------------------------------------------------------------
         8          0          0          0          0        152   Library Totals

    ----------------------------------------------------------------------

==============================================================================


      Code (inc. data)   RO Data    RW Data    ZI Data      Debug   

       312         30        456          0       1536       1312   Grand Totals
       312         30        456          0       1536       1312   ELF Image Totals
       312         30        456          0          0          0   ROM Totals

==============================================================================

    Total RO  Size (Code + RO Data)                  768 (   0.75kB)
    Total RW  Size (RW Data + ZI Data)              1536 (   1.50kB)
    Total ROM Size (Code + RO Data + RW Data)        768 (   0.75kB)

==============================================================================

