Component: ARM Compiler 6.16 Tool: armlink [5dfeaa00]

==============================================================================

Section Cross References

    startup_lpc17xx.o(STACK) refers (Special) to heapauxi.o(.text) for __use_two_region_memory
    startup_lpc17xx.o(HEAP) refers (Special) to heapauxi.o(.text) for __use_two_region_memory
    startup_lpc17xx.o(RESET) refers (Special) to heapauxi.o(.text) for __use_two_region_memory
    startup_lpc17xx.o(RESET) refers to startup_lpc17xx.o(STACK) for __initial_sp
    startup_lpc17xx.o(RESET) refers to startup_lpc17xx.o(.text) for Reset_Handler
    startup_lpc17xx.o(.ARM.__at_0x02FC) refers (Special) to heapauxi.o(.text) for __use_two_region_memory
    startup_lpc17xx.o(myarea) refers (Special) to heapauxi.o(.text) for __use_two_region_memory
    startup_lpc17xx.o(.text) refers (Special) to heapauxi.o(.text) for __use_two_region_memory
    startup_lpc17xx.o(.text) refers to startup_lpc17xx.o(myarea) for vector
    startup_lpc17xx.o(.text) refers to startup_lpc17xx.o(HEAP) for Heap_Mem
    startup_lpc17xx.o(.text) refers to startup_lpc17xx.o(STACK) for Stack_Mem
    system_lpc17xx.o(.text.SystemCoreClockUpdate) refers to lludivv7m.o(.text) for __aeabi_uldivmod
    system_lpc17xx.o(.text.SystemCoreClockUpdate) refers to system_lpc17xx.o(.data.SystemCoreClock) for SystemCoreClock
    system_lpc17xx.o(.ARM.exidx.text.SystemCoreClockUpdate) refers to system_lpc17xx.o(.text.SystemCoreClockUpdate) for [Anonymous Symbol]
    system_lpc17xx.o(.ARM.exidx.text.SystemInit) refers to system_lpc17xx.o(.text.SystemInit) for [Anonymous Symbol]
    aeabi_ldiv0_sigfpe.o(.text) refers to rt_div0.o(.text) for __rt_div0
    rt_div0.o(.text) refers to defsig_fpe_outer.o(.text) for __rt_SIGFPE
    defsig_fpe_outer.o(.text) refers to defsig_fpe_inner.o(.text) for __rt_SIGFPE_inner
    defsig_fpe_outer.o(.text) refers to defsig_exit.o(.text) for __sig_exit
    defsig_fpe_formal.o(.text) refers to rt_raise.o(.text) for __rt_raise
    rt_raise.o(.text) refers to __raise.o(.text) for __raise
    rt_raise.o(.text) refers to sys_exit.o(.text) for _sys_exit
    defsig_exit.o(.text) refers to sys_exit.o(.text) for _sys_exit
    defsig_fpe_inner.o(.text) refers to defsig_general.o(.text) for __default_signal_display
    sys_exit.o(.text) refers (Special) to use_no_semi.o(.text) for __I$use$semihosting
    sys_exit.o(.text) refers (Special) to indicate_semi.o(.text) for __semihosting_library_function
    sys_exit_hlt.o(.text) refers (Special) to use_no_semi.o(.text) for __I$use$semihosting
    sys_exit_hlt.o(.text) refers (Special) to indicate_semi.o(.text) for __semihosting_library_function
    __raise.o(.text) refers to defsig.o(CL$$defsig) for __default_signal_handler
    defsig_general.o(.text) refers to sys_wrch.o(.text) for _ttywrch
    sys_wrch.o(.text) refers (Special) to use_no_semi.o(.text) for __I$use$semihosting
    sys_wrch.o(.text) refers (Special) to indicate_semi.o(.text) for __semihosting_library_function
    sys_wrch_hlt.o(.text) refers (Special) to use_no_semi.o(.text) for __I$use$semihosting
    sys_wrch_hlt.o(.text) refers (Special) to indicate_semi.o(.text) for __semihosting_library_function
    defsig.o(CL$$defsig) refers to defsig_fpe_inner.o(.text) for __rt_SIGFPE_inner
    defsig_abrt_inner.o(.text) refers to defsig_general.o(.text) for __default_signal_display
    defsig_rtred_inner.o(.text) refers to defsig_general.o(.text) for __default_signal_display
    defsig_rtmem_inner.o(.text) refers to defsig_general.o(.text) for __default_signal_display
    defsig_stak_inner.o(.text) refers to defsig_general.o(.text) for __default_signal_display
    defsig_pvfn_inner.o(.text) refers to defsig_general.o(.text) for __default_signal_display
    defsig_cppl_inner.o(.text) refers to defsig_general.o(.text) for __default_signal_display
    defsig_segv_inner.o(.text) refers to defsig_general.o(.text) for __default_signal_display
    defsig_other.o(.text) refers to defsig_general.o(.text) for __default_signal_display


==============================================================================

Removing Unused input sections from the image.

    Removing system_lpc17xx.o(.text), (0 bytes).
    Removing system_lpc17xx.o(.text.SystemCoreClockUpdate), (248 bytes).
    Removing system_lpc17xx.o(.ARM.exidx.text.SystemCoreClockUpdate), (8 bytes).
    Removing system_lpc17xx.o(.text.SystemInit), (204 bytes).
    Removing system_lpc17xx.o(.ARM.exidx.text.SystemInit), (8 bytes).
    Removing system_lpc17xx.o(.data.SystemCoreClock), (4 bytes).

6 unused section(s) (total 472 bytes) removed from the image.

==============================================================================

Image Symbol Table

    Local Symbols

    Symbol Name                              Value     Ov Type        Size  Object(Section)

    ../clib/angel/rt.s                       0x00000000   Number         0  aeabi_ldiv0.o ABSOLUTE
    ../clib/angel/rt.s                       0x00000000   Number         0  aeabi_ldiv0_sigfpe.o ABSOLUTE
    ../clib/angel/rt.s                       0x00000000   Number         0  rt_div0.o ABSOLUTE
    ../clib/angel/rt.s                       0x00000000   Number         0  rt_raise.o ABSOLUTE
    ../clib/angel/sys.s                      0x00000000   Number         0  use_no_semi.o ABSOLUTE
    ../clib/angel/sys.s                      0x00000000   Number         0  indicate_semi.o ABSOLUTE
    ../clib/angel/sysapp.c                   0x00000000   Number         0  sys_exit.o ABSOLUTE
    ../clib/angel/sysapp.c                   0x00000000   Number         0  sys_exit_hlt.o ABSOLUTE
    ../clib/angel/sysapp.c                   0x00000000   Number         0  sys_wrch.o ABSOLUTE
    ../clib/angel/sysapp.c                   0x00000000   Number         0  sys_wrch_hlt.o ABSOLUTE
    ../clib/heapaux.c                        0x00000000   Number         0  heapauxi.o ABSOLUTE
    ../clib/longlong.s                       0x00000000   Number         0  lludivv7m.o ABSOLUTE
    ../clib/signal.c                         0x00000000   Number         0  defsig_fpe_outer.o ABSOLUTE
    ../clib/signal.c                         0x00000000   Number         0  defsig_fpe_formal.o ABSOLUTE
    ../clib/signal.c                         0x00000000   Number         0  defsig_exit.o ABSOLUTE
    ../clib/signal.c                         0x00000000   Number         0  defsig_fpe_inner.o ABSOLUTE
    ../clib/signal.c                         0x00000000   Number         0  __raise.o ABSOLUTE
    ../clib/signal.c                         0x00000000   Number         0  defsig_general.o ABSOLUTE
    ../clib/signal.c                         0x00000000   Number         0  defsig_abrt_inner.o ABSOLUTE
    ../clib/signal.c                         0x00000000   Number         0  defsig_rtred_inner.o ABSOLUTE
    ../clib/signal.c                         0x00000000   Number         0  defsig_rtmem_inner.o ABSOLUTE
    ../clib/signal.c                         0x00000000   Number         0  defsig_stak_inner.o ABSOLUTE
    ../clib/signal.c                         0x00000000   Number         0  defsig_pvfn_inner.o ABSOLUTE
    ../clib/signal.c                         0x00000000   Number         0  defsig_cppl_inner.o ABSOLUTE
    ../clib/signal.c                         0x00000000   Number         0  defsig_segv_inner.o ABSOLUTE
    ../clib/signal.c                         0x00000000   Number         0  defsig_other.o ABSOLUTE
    ../clib/signal.s                         0x00000000   Number         0  defsig.o ABSOLUTE
    RTE/Device/LPC1768/startup_LPC17xx.s     0x00000000   Number         0  startup_lpc17xx.o ABSOLUTE
    dc.s                                     0x00000000   Number         0  dc.o ABSOLUTE
    system_LPC17xx.c                         0x00000000   Number         0  system_lpc17xx.o ABSOLUTE
    RESET                                    0x00000000   Section      204  startup_lpc17xx.o(RESET)
    .text                                    0x000000cc   Section        0  heapauxi.o(.text)
    .ARM.__at_0x02FC                         0x000002fc   Section        4  startup_lpc17xx.o(.ARM.__at_0x02FC)
    .text                                    0x00000300   Section      608  startup_lpc17xx.o(.text)
    myConstants                              0x000003b8   Data          16  startup_lpc17xx.o(.text)
    vector                                   0x10000000   Data          26  startup_lpc17xx.o(myarea)
    myarea                                   0x10000000   Section       54  startup_lpc17xx.o(myarea)
    words4                                   0x1000001a   Data          16  startup_lpc17xx.o(myarea)
    op1                                      0x1000002a   Data           4  startup_lpc17xx.o(myarea)
    op2                                      0x1000002e   Data           4  startup_lpc17xx.o(myarea)
    res                                      0x10000032   Data           4  startup_lpc17xx.o(myarea)
    Heap_Mem                                 0x10000038   Data           0  startup_lpc17xx.o(HEAP)
    Stack_Mem                                0x10000038   Data         512  startup_lpc17xx.o(STACK)
    HEAP                                     0x10000038   Section        0  startup_lpc17xx.o(HEAP)
    STACK                                    0x10000038   Section      512  startup_lpc17xx.o(STACK)
    __initial_sp                             0x10000238   Data           0  startup_lpc17xx.o(STACK)

    Global Symbols

    Symbol Name                              Value     Ov Type        Size  Object(Section)

    BuildAttributes$$THM_ISAv4$P$D$K$B$S$PE$A:L22UL41UL21$X:L11$S22US41US21$IEEE1$IW$~IW$USESV6$~STKCKD$USESV7$~SHL$OTIME$ROPI$EBA8$STANDARDLIB$REQ8$PRES8$EABIv2 0x00000000   Number         0  anon$$obj.o ABSOLUTE
    __Vectors                                0x00000000   Data           4  startup_lpc17xx.o(RESET)
    __sigvec_lookup                           - Undefined Weak Reference
    __use_two_region_memory                  0x000000cd   Thumb Code     2  heapauxi.o(.text)
    __rt_heap_escrow$2region                 0x000000cf   Thumb Code     2  heapauxi.o(.text)
    __rt_heap_expand$2region                 0x000000d1   Thumb Code     2  heapauxi.o(.text)
    Reset_Handler                            0x00000301   Thumb Code   532  startup_lpc17xx.o(.text)
    NMI_Handler                              0x00000515   Thumb Code     2  startup_lpc17xx.o(.text)
    HardFault_Handler                        0x00000517   Thumb Code     2  startup_lpc17xx.o(.text)
    MemManage_Handler                        0x00000519   Thumb Code     2  startup_lpc17xx.o(.text)
    BusFault_Handler                         0x0000051b   Thumb Code     2  startup_lpc17xx.o(.text)
    UsageFault_Handler                       0x0000051d   Thumb Code     2  startup_lpc17xx.o(.text)
    SVC_Handler                              0x0000051f   Thumb Code     2  startup_lpc17xx.o(.text)
    DebugMon_Handler                         0x00000521   Thumb Code     2  startup_lpc17xx.o(.text)
    PendSV_Handler                           0x00000523   Thumb Code     2  startup_lpc17xx.o(.text)
    SysTick_Handler                          0x00000525   Thumb Code     2  startup_lpc17xx.o(.text)
    ADC_IRQHandler                           0x00000527   Thumb Code     0  startup_lpc17xx.o(.text)
    BOD_IRQHandler                           0x00000527   Thumb Code     0  startup_lpc17xx.o(.text)
    CANActivity_IRQHandler                   0x00000527   Thumb Code     0  startup_lpc17xx.o(.text)
    CAN_IRQHandler                           0x00000527   Thumb Code     0  startup_lpc17xx.o(.text)
    DMA_IRQHandler                           0x00000527   Thumb Code     0  startup_lpc17xx.o(.text)
    EINT0_IRQHandler                         0x00000527   Thumb Code     0  startup_lpc17xx.o(.text)
    EINT1_IRQHandler                         0x00000527   Thumb Code     0  startup_lpc17xx.o(.text)
    EINT2_IRQHandler                         0x00000527   Thumb Code     0  startup_lpc17xx.o(.text)
    EINT3_IRQHandler                         0x00000527   Thumb Code     0  startup_lpc17xx.o(.text)
    ENET_IRQHandler                          0x00000527   Thumb Code     0  startup_lpc17xx.o(.text)
    I2C0_IRQHandler                          0x00000527   Thumb Code     0  startup_lpc17xx.o(.text)
    I2C1_IRQHandler                          0x00000527   Thumb Code     0  startup_lpc17xx.o(.text)
    I2C2_IRQHandler                          0x00000527   Thumb Code     0  startup_lpc17xx.o(.text)
    I2S_IRQHandler                           0x00000527   Thumb Code     0  startup_lpc17xx.o(.text)
    MCPWM_IRQHandler                         0x00000527   Thumb Code     0  startup_lpc17xx.o(.text)
    PLL0_IRQHandler                          0x00000527   Thumb Code     0  startup_lpc17xx.o(.text)
    PLL1_IRQHandler                          0x00000527   Thumb Code     0  startup_lpc17xx.o(.text)
    PWM1_IRQHandler                          0x00000527   Thumb Code     0  startup_lpc17xx.o(.text)
    QEI_IRQHandler                           0x00000527   Thumb Code     0  startup_lpc17xx.o(.text)
    RIT_IRQHandler                           0x00000527   Thumb Code     0  startup_lpc17xx.o(.text)
    RTC_IRQHandler                           0x00000527   Thumb Code     0  startup_lpc17xx.o(.text)
    SPI_IRQHandler                           0x00000527   Thumb Code     0  startup_lpc17xx.o(.text)
    SSP0_IRQHandler                          0x00000527   Thumb Code     0  startup_lpc17xx.o(.text)
    SSP1_IRQHandler                          0x00000527   Thumb Code     0  startup_lpc17xx.o(.text)
    TIMER0_IRQHandler                        0x00000527   Thumb Code     0  startup_lpc17xx.o(.text)
    TIMER1_IRQHandler                        0x00000527   Thumb Code     0  startup_lpc17xx.o(.text)
    TIMER2_IRQHandler                        0x00000527   Thumb Code     0  startup_lpc17xx.o(.text)
    TIMER3_IRQHandler                        0x00000527   Thumb Code     0  startup_lpc17xx.o(.text)
    UART0_IRQHandler                         0x00000527   Thumb Code     0  startup_lpc17xx.o(.text)
    UART1_IRQHandler                         0x00000527   Thumb Code     0  startup_lpc17xx.o(.text)
    UART2_IRQHandler                         0x00000527   Thumb Code     0  startup_lpc17xx.o(.text)
    UART3_IRQHandler                         0x00000527   Thumb Code     0  startup_lpc17xx.o(.text)
    USBActivity_IRQHandler                   0x00000527   Thumb Code     0  startup_lpc17xx.o(.text)
    USB_IRQHandler                           0x00000527   Thumb Code     0  startup_lpc17xx.o(.text)
    WDT_IRQHandler                           0x00000527   Thumb Code     0  startup_lpc17xx.o(.text)
    __user_initial_stackheap                 0x00000529   Thumb Code     0  startup_lpc17xx.o(.text)



==============================================================================

Memory Map of the image

  Image Entry point : 0x00000301

  Load Region LR_1 (Base: 0x00000000, Size: 0x00000598, Max: 0xffffffff, ABSOLUTE)

    Execution Region ER_RO (Exec base: 0x00000000, Load base: 0x00000000, Size: 0x00000560, Max: 0xffffffff, ABSOLUTE)

    Exec Addr    Load Addr    Size         Type   Attr      Idx    E Section Name        Object

    0x00000000   0x00000000   0x000000cc   Data   RO            3    RESET               startup_lpc17xx.o
    0x000000cc   0x000000cc   0x00000006   Code   RO           30    .text               c_w.l(heapauxi.o)
    0x000000d2   0x000000d2   0x0000022a   PAD
    0x000002fc   0x000002fc   0x00000004   Code   RO            4    .ARM.__at_0x02FC    startup_lpc17xx.o
    0x00000300   0x00000300   0x00000260   Code   RO            6  * .text               startup_lpc17xx.o


    Execution Region ER_RW (Exec base: 0x10000000, Load base: 0x00000560, Size: 0x00000038, Max: 0xffffffff, ABSOLUTE)

    Exec Addr    Load Addr    Size         Type   Attr      Idx    E Section Name        Object

    0x10000000   0x00000560   0x00000036   Data   RW            5    myarea              startup_lpc17xx.o


    Execution Region ER_ZI (Exec base: 0x10000038, Load base: 0x00000598, Size: 0x00000200, Max: 0xffffffff, ABSOLUTE)

    Exec Addr    Load Addr    Size         Type   Attr      Idx    E Section Name        Object

    0x10000038        -       0x00000000   Zero   RW            2    HEAP                startup_lpc17xx.o
    0x10000038        -       0x00000200   Zero   RW            1    STACK               startup_lpc17xx.o


==============================================================================

Image component sizes


      Code (inc. data)   RO Data    RW Data    ZI Data      Debug   Object Name

       612         66        204         54        512       1228   startup_lpc17xx.o

    ----------------------------------------------------------------------
       612         66        204         56        512       1228   Object Totals
         0          0          0          0          0          0   (incl. Generated)
         0          0          0          2          0          0   (incl. Padding)

    ----------------------------------------------------------------------

      Code (inc. data)   RO Data    RW Data    ZI Data      Debug   Library Member Name

         6          0          0          0          0        152   heapauxi.o

    ----------------------------------------------------------------------
       560          0          0          0          0        152   Library Totals
       554          0          0          0          0          0   (incl. Padding)

    ----------------------------------------------------------------------

      Code (inc. data)   RO Data    RW Data    ZI Data      Debug   Library Name

         6          0          0          0          0        152   c_w.l

    ----------------------------------------------------------------------
       560          0          0          0          0        152   Library Totals

    ----------------------------------------------------------------------

==============================================================================


      Code (inc. data)   RO Data    RW Data    ZI Data      Debug   

      1172         66        204         56        512       1380   Grand Totals
      1172         66        204         56        512       1380   ELF Image Totals
      1172         66        204         56          0          0   ROM Totals

==============================================================================

    Total RO  Size (Code + RO Data)                 1376 (   1.34kB)
    Total RW  Size (RW Data + ZI Data)               568 (   0.55kB)
    Total ROM Size (Code + RO Data + RW Data)       1432 (   1.40kB)

==============================================================================

